> Task :app:checkKotlinGradlePluginConfigurationErrors SKIPPED
> Task :app:preBuild UP-TO-DATE
> Task :app:preDebugBuild UP-TO-DATE
> Task :app:checkDebugAarMetadata UP-TO-DATE
> Task :app:generateDebugResValues UP-TO-DATE
> Task :app:mapDebugSourceSetPaths UP-TO-DATE
> Task :app:generateDebugResources UP-TO-DATE
> Task :app:mergeDebugResources UP-TO-DATE
> Task :app:packageDebugResources UP-TO-DATE
> Task :app:parseDebugLocalResources UP-TO-DATE
> Task :app:createDebugCompatibleScreenManifests UP-TO-DATE
> Task :app:extractDeepLinksDebug UP-TO-DATE
> Task :app:processDebugMainManifest UP-TO-DATE
> Task :app:processDebugManifest UP-TO-DATE
> Task :app:processDebugManifestForPackage UP-TO-DATE
> Task :app:processDebugResources UP-TO-DATE

> Task :app:compileDebugKotlin FAILED
.\gradlew.bat : e: file:///C:/CalorieCalculator/app/src/main/java/com/example/caloriecalculator/MainActivity.kt:102:48 Un
resolved reference 'OnboardingPage'.
At line:1 char:1
+ .\gradlew.bat compileDebugKotlin 2>&1 | Out-File -FilePath build_outp ...
+ ~~~~~~~~~~~~~~~~~~~~~~~~~~~~~~~~~~~~~
    + CategoryInfo          : NotSpecified: (e: file:///C:/C...nboardingPage'.:String) [], RemoteException
    + FullyQualifiedErrorId : NativeCommandError
 
e: file:///C:/CalorieCalculator/app/src/main/java/com/example/caloriecalculator/MainActivity.kt:103:48 Unresolved referen
ce 'OnboardingPage'.
e: file:///C:/CalorieCalculator/app/src/main/java/com/example/caloriecalculator/MainActivity.kt:104:44 Unresolved referen
ce 'WelcomeScreen'.
e: file:///C:/CalorieCalculator/app/src/main/java/com/example/caloriecalculator/MainActivity.kt:105:42 Unresolved referen
ce 'LoginScreen'.
e: file:///C:/CalorieCalculator/app/src/main/java/com/example/caloriecalculator/MainActivity.kt:106:45 Unresolved referen
ce 'RegisterScreen'.
e: file:///C:/CalorieCalculator/app/src/main/java/com/example/caloriecalculator/MainActivity.kt:151:45 Unresolved referen
ce 'HomeScreen'.
e: file:///C:/CalorieCalculator/app/src/main/java/com/example/caloriecalculator/MainActivity.kt:152:48 Unresolved referen
ce 'ChatbotScreen'.
e: file:///C:/CalorieCalculator/app/src/main/java/com/example/caloriecalculator/MainActivity.kt:194:16 Unresolved referen
ce 'SettingsSection'.
e: file:///C:/CalorieCalculator/app/src/main/java/com/example/caloriecalculator/MainActivity.kt:195:16 Unresolved referen
ce 'SettingsItem'.
e: file:///C:/CalorieCalculator/app/src/main/java/com/example/caloriecalculator/MainActivity.kt:196:16 Unresolved referen
ce 'SettingsItem'.
e: file:///C:/CalorieCalculator/app/src/main/java/com/example/caloriecalculator/MainActivity.kt:198:16 Unresolved referen
ce 'SettingsSection'.
e: file:///C:/CalorieCalculator/app/src/main/java/com/example/caloriecalculator/MainActivity.kt:199:16 Unresolved referen
ce 'SettingsItem'.
e: file:///C:/CalorieCalculator/app/src/main/java/com/example/caloriecalculator/MainActivity.kt:201:16 Unresolved referen
ce 'SettingsSection'.
e: file:///C:/CalorieCalculator/app/src/main/java/com/example/caloriecalculator/MainActivity.kt:202:16 Unresolved referen
ce 'SettingsItem'.
e: file:///C:/CalorieCalculator/app/src/main/java/com/example/caloriecalculator/MainActivity.kt:507:9 Unresolved referenc
e 'InteractiveMealCard'.
e: file:///C:/CalorieCalculator/app/src/main/java/com/example/caloriecalculator/MainActivity.kt:508:9 Unresolved referenc
e 'InteractiveMealCard'.
e: file:///C:/CalorieCalculator/app/src/main/java/com/example/caloriecalculator/MainActivity.kt:509:9 Unresolved referenc
e 'InteractiveMealCard'.
e: file:///C:/CalorieCalculator/app/src/main/java/com/example/caloriecalculator/MainActivity.kt:510:9 Unresolved referenc
e 'InteractiveMealCard'.
e: file:///C:/CalorieCalculator/app/src/main/java/com/example/caloriecalculator/MainActivity.kt:672:25 Unresolved referen
ce 'RecipeCard'.
e: file:///C:/CalorieCalculator/app/src/main/java/com/example/caloriecalculator/MainActivity.kt:755:21 Unresolved referen
ce 'WeeklyBarChart'.
e: file:///C:/CalorieCalculator/app/src/main/java/com/example/caloriecalculator/MainActivity.kt:755:51 Cannot infer type 
for this parameter. Please specify it explicitly.
e: file:///C:/CalorieCalculator/app/src/main/java/com/example/caloriecalculator/MainActivity.kt:755:58 Cannot infer type 
for this parameter. Please specify it explicitly.
e: file:///C:/CalorieCalculator/app/src/main/java/com/example/caloriecalculator/MainActivity.kt:763:47 Unresolved referen
ce 'InfoCard'.
e: file:///C:/CalorieCalculator/app/src/main/java/com/example/caloriecalculator/MainActivity.kt:763:178 Unresolved refere
nce 'InteractiveWaterCard'.
e: file:///C:/CalorieCalculator/app/src/main/java/com/example/caloriecalculator/MainActivity.kt:784:17 Unresolved referen
ce 'MessageBubble'.
e: file:///C:/CalorieCalculator/app/src/main/java/com/example/caloriecalculator/MainActivity.kt:788:9 Unresolved referenc
e 'ChatInputBar'.
e: file:///C:/CalorieCalculator/app/src/main/java/com/example/caloriecalculator/MainActivity.kt:788:33 Cannot infer type 
for this parameter. Please specify it explicitly.
e: file:///C:/CalorieCalculator/app/src/main/java/com/example/caloriecalculator/MainActivity.kt:812:53 Unresolved referen
ce 'LogoAndTitle'.
e: file:///C:/CalorieCalculator/app/src/main/java/com/example/caloriecalculator/MainActivity.kt:813:9 Unresolved referenc
e 'InputTextField'.
e: file:///C:/CalorieCalculator/app/src/main/java/com/example/caloriecalculator/MainActivity.kt:813:65 Unresolved referen
ce 'it'.
e: file:///C:/CalorieCalculator/app/src/main/java/com/example/caloriecalculator/MainActivity.kt:814:52 Unresolved referen
ce 'InputTextField'.
e: file:///C:/CalorieCalculator/app/src/main/java/com/example/caloriecalculator/MainActivity.kt:814:114 Unresolved refere
nce 'it'.
e: file:///C:/CalorieCalculator/app/src/main/java/com/example/caloriecalculator/MainActivity.kt:838:49 Unresolved referen
ce 'SignUpText'.
e: file:///C:/CalorieCalculator/app/src/main/java/com/example/caloriecalculator/MainActivity.kt:849:53 Unresolved referen
ce 'LogoAndTitle'.
e: file:///C:/CalorieCalculator/app/src/main/java/com/example/caloriecalculator/MainActivity.kt:850:9 Unresolved referenc
e 'InputTextField'.
e: file:///C:/CalorieCalculator/app/src/main/java/com/example/caloriecalculator/MainActivity.kt:850:71 Unresolved referen
ce 'it'.
e: file:///C:/CalorieCalculator/app/src/main/java/com/example/caloriecalculator/MainActivity.kt:851:52 Unresolved referen
ce 'InputTextField'.
e: file:///C:/CalorieCalculator/app/src/main/java/com/example/caloriecalculator/MainActivity.kt:851:108 Unresolved refere
nce 'it'.
e: file:///C:/CalorieCalculator/app/src/main/java/com/example/caloriecalculator/MainActivity.kt:852:52 Unresolved referen
ce 'InputTextField'.
e: file:///C:/CalorieCalculator/app/src/main/java/com/example/caloriecalculator/MainActivity.kt:852:114 Unresolved refere
nce 'it'.
e: file:///C:/CalorieCalculator/app/src/main/java/com/example/caloriecalculator/MainActivity.kt:867:49 Unresolved referen
ce 'SignInText'.

FAILURE: Build failed with an exception.

* What went wrong:
Execution failed for task ':app:compileDebugKotlin'.
> A failure occurred while executing org.jetbrains.kotlin.compilerRunner.GradleCompilerRunnerWithWorkers$GradleKotlinComp
ilerWorkAction
   > Compilation error. See log for more details

* Try:
> Run with --stacktrace option to get the stack trace.
> Run with --info or --debug option to get more log output.
> Run with --scan to get full insights.
> Get more help at https://help.gradle.org.

BUILD FAILED in 6s
14 actionable tasks: 1 executed, 13 up-to-date
